V 0%
J 0%
R 0%
N 100%
V 100%
J 0%
R 0%
N 0%
V 50%
J 50%
R 0%
N 0%
V 33%
J 33%
R 33%
N 0%
V 25%
J 25%
R 25%
N 25%
V 40%
J 20%
R 20%
N 20%
V 0%
J 0%
R 0%
N 100%
