V 100%
J 0%
R 0%
N 0%
V 0%
J 100%
R 0%
N 0%
V 0%
J 0%
R 100%
N 0%
V 0%
J 0%
R 0%
N 100%
V 100%
J 0%
R 0%
N 0%
V 66%
J 33%
R 0%
N 0%