V 0%
J 0%
R 0%
N 0%
V 100%
J 0%
R 0%
N 0%
V 66%
J 33%
R 0%
N 0%
V 50%
J 25%
R 25%
N 0%
V 40%
J 20%
R 20%
N 20%
V 50%
J 16%
R 16%
N 16%
V 42%
J 28%
R 14%
N 14%
